******************************************************************************
                  TI ARM Linker PC v20.2.6                     
******************************************************************************
>> Linked Wed Nov 23 20:15:17 2022

OUTPUT FILE NAME:   <HVAC_un_hilo_obj.out>
ENTRY POINT SYMBOL: "_c_int00"  address: 00008219


MEMORY CONFIGURATION

         name            origin    length      used     unused   attr    fill
----------------------  --------  ---------  --------  --------  ----  --------
  MAIN                  00000000   00040000  0000abe2  0003541e  R  X
  INFO                  00200000   00004000  00000000  00004000  R  X
  SRAM_CODE             01000000   00010000  000055fe  0000aa02  RW X
  SRAM_DATA             20000000   00010000  000055fe  0000aa02  RW  


SEGMENT ALLOCATION MAP

run origin  load origin   length   init length attrs members
----------  ----------- ---------- ----------- ----- -------
00000000    00000000    0000abe8   0000abe8    r-x
  00000000    00000000    0000003c   0000003c    r-- .resetVecs
  00000040    00000040    0000a33a   0000a33a    r-x .text
  0000a37c    0000a37c    000005fc   000005fc    r-- .const
  0000a978    0000a978    00000270   00000270    r-- .cinit
20000140    20000140    00000a84   00000000    rw-
  20000140    20000140    00000a84   00000000    rw- .data
20001000    20001000    000000e8   00000000    rw-
  20001000    20001000    000000e8   00000000    rw- .vtable
200010e8    200010e8    00004000   00000000    r--
  200010e8    200010e8    00004000   00000000    r-- .priheap
200050e8    200050e8    00000552   00000000    rw-
  200050e8    200050e8    00000552   00000000    rw- .bss
2000fc00    2000fc00    00000400   00000000    rw-
  2000fc00    2000fc00    00000400   00000000    rw- .stack


SECTION ALLOCATION MAP

 output                                  attributes/
section   page    origin      length       input sections
--------  ----  ----------  ----------   ----------------
.text      0    00000040    0000a33a     
                  00000040    00000a4e     rtsv7M4_T_le_v4SPD16_eabi.lib : _printfi.c.obj (.text:__TI_printfi)
                  00000a8e    00000002     system_msp432p401r.obj (.text:Power_idleFunc)
                  00000a90    00000940     gpio_f_MSP432.obj (.text:gpio_ioctl)
                  000013d0    000006f4     gpio_f_MSP432.obj (.text:gpio_cpu_open)
                  00001ac4    0000049c     adc_f_MSP432.obj (.text:adc_hw_channel_init)
                  00001f60    00000438     timer_f_msp432.obj (.text:Timer_Handler)
                  00002398    00000388     adc_f_MSP432.obj (.text:adc_trigger)
                  00002720    0000029c     HVAC_IO.obj (.text:HVAC_ActualizarSalidas)
                  000029bc    0000028a     msp432p4xx_driverlib.lib : pcm.o (.text:__PCM_setPowerStateAdvanced)
                  00002c46    00000002     rtsv7M4_T_le_v4SPD16_eabi.lib : _lock.c.obj (.text:_nop)
                  00002c48    00000270                                   : _printfi.c.obj (.text:_pconv_a)
                  00002eb8    0000025c     timer_f_msp432.obj (.text:timer_open)
                  00003114    00000228     adc_f_MSP432.obj (.text:adc_open)
                  0000333c    000001d0     rtsv7M4_T_le_v4SPD16_eabi.lib : _printfi.c.obj (.text:_pconv_g)
                  0000350c    000001b6                                   : fd_add_t2.asm.obj (.text)
                  000036c2    00000002                                   : div0.asm.obj (.text)
                  000036c4    000001b4     gpio_f_MSP432.obj (.text:gpio_open)
                  00003878    000001ac     HVAC_IO.obj (.text:Desplegar_Opcion)
                  00003a24    0000019c     HVAC_IO.obj (.text:PRINT_SYSTEM_STATUS)
                  00003bc0    00000180     rtsv7M4_T_le_v4SPD16_eabi.lib : fwrite.c.obj (.text:fwrite)
                  00003d40    0000017c     timer_f_msp432.obj (.text:timer_read)
                  00003ebc    0000015c     msp432p4xx_driverlib.lib : pcm.o (.text:__PCM_setPowerModeAdvanced)
                  00004018    0000013c     rtsv7M4_T_le_v4SPD16_eabi.lib : _printfi.c.obj (.text:_pconv_e)
                  00004154    00000136                                   : fd_div_t2.asm.obj (.text)
                  0000428a    00000004     msp432p4xx_driverlib.lib : cpu.o (.text:CPU_wfi)
                  0000428e    00000002     release_pem4f.oem4f (.text:ti_sysbios_BIOS_nullFunc__I)
                  00004290    00000130     sysbios.aem4f : BIOS.obj (.text:ti_sysbios_knl_Semaphore_pend__E)
                  000043c0    00000124     rtsv7M4_T_le_v4SPD16_eabi.lib : _printfi.c.obj (.text:fcvt)
                  000044e4    00000114     Files.obj (.text:fopen_f)
                  000045f8    00000110     rtsv7M4_T_le_v4SPD16_eabi.lib : fopen.c.obj (.text:_openfile)
                  00004708    00000110                                   : s_scalbn.c.obj (.text:scalbn)
                  00004818    00000108     msp432p4xx_driverlib.lib : pcm.o (.text:__PCM_setCoreVoltageLevelAdvanced)
                  00004920    00000108     sysbios.aem4f : BIOS.obj (.text:ti_sysbios_knl_Task_postInit__I)
                  00004a28    00000108                   : BIOS.obj (.text:xdc_runtime_Startup_startMods__I)
                  00004b30    00000104                   : BIOS.obj (.text:ti_sysbios_knl_Task_Instance_finalize__E)
                  00004c34    00000100     adc_f_MSP432.obj (.text:adc_stop)
                  00004d34    000000fc     rtsv7M4_T_le_v4SPD16_eabi.lib : fd_mul_t2.asm.obj (.text)
                  00004e30    000000f8                                   : fread.c.obj (.text:fread)
                  00004f28    000000f8     sysbios.aem4f : BIOS.obj (.text:ti_sysbios_family_arm_msp432_init_Boot_configureClocksHigh)
                  00005020    000000f4     timer_f_msp432.obj (.text:timer_ioctl)
                  00005114    00000004     rtsv7M4_T_le_v4SPD16_eabi.lib : printf.c.obj (.text:_outc)
                  00005118    000000f0     sysbios.aem4f : BIOS.obj (.text:pthread_create)
                  00005208    000000f0                   : m3_Hwi_asm.obj (.text:ti_sysbios_family_arm_m3_Hwi_dispatch__I)
                  000052f8    000000ec     adc_f_MSP432.obj (.text:adc_resume)
                  000053e4    000000e8     adc_f_MSP432.obj (.text:Timer32_Handler)
                  000054cc    00000004     rtsv7M4_T_le_v4SPD16_eabi.lib : printf.c.obj (.text:_outs)
                  000054d0    000000e0     sysbios.aem4f : BIOS.obj (.text:ti_sysbios_knl_Task_Instance_init__E)
                  000055b0    000000dc     rtsv7M4_T_le_v4SPD16_eabi.lib : setvbuf.c.obj (.text:setvbuf)
                  0000568c    000000d4     int_MSP432.obj (.text:Int_enable)
                  00005760    000000d4     adc_f_MSP432.obj (.text:adc_pause)
                  00005834    00000004     rtsv7M4_T_le_v4SPD16_eabi.lib : exit.c.obj (.text:abort:abort)
                  00005838    000000d0     sysbios.aem4f : BIOS.obj (.text:ti_sysbios_heaps_HeapMem_alloc__E)
                  00005908    000000c8     system_msp432p401r.obj (.text:SystemInit)
                  000059d0    000000c4     sysbios.aem4f : BIOS.obj (.text:ti_sysbios_knl_Task_sleep__E)
                  00005a94    000000bc     uart_f_MSP432.obj (.text:UART_set_location_pin)
                  00005b50    000000bc     rtsv7M4_T_le_v4SPD16_eabi.lib : open.c.obj (.text:open)
                  00005c0c    000000b8     int_MSP432.obj (.text:Int_clear_gpio_flags)
                  00005cc4    000000b4     uart_f_MSP432.obj (.text:uart_hw_init)
                  00005d78    000000b2     HVAC_Thread.obj (.text:HVAC_Thread)
                  00005e2a    00000002     --HOLE-- [fill = 0]
                  00005e2c    000000b1     rtsv7M4_T_le_v4SPD16_eabi.lib : _printfi.c.obj (.text:_ltostr)
                  00005edd    00000003     --HOLE-- [fill = 0]
                  00005ee0    000000aa     adc_f_MSP432.obj (.text:adc_ioctl)
                  00005f8a    00000004     release_pem4f.oem4f (.text:ti_sysbios_family_arm_m3_TaskSupport_Module__startupDone__S)
                  00005f8e    00000002     --HOLE-- [fill = 0]
                  00005f90    000000aa     sysbios.aem4f : BIOS.obj (.text:xdc_runtime_Core_createObject__I)
                  0000603a    00000006     --HOLE-- [fill = 0]
                  00006040    000000a8                   : BIOS.obj (.text:ti_sysbios_family_arm_msp432_Timer_periodicStub__E)
                  000060e8    000000a8     uart_f_MSP432.obj (.text:uart_open)
                  00006190    000000a4     HVAC_IO.obj (.text:GET_LUM1_VALUE)
                  00006234    000000a4     HVAC_IO.obj (.text:GET_LUM2_VALUE)
                  000062d8    000000a4     HVAC_IO.obj (.text:GET_LUM3_VALUE)
                  0000637c    00000004     --HOLE-- [fill = 0]
                  00006380    000000a4     sysbios.aem4f : BIOS.obj (.text:ti_sysbios_knl_Task_setPri__E)
                  00006424    000000a0     auto_init.aem4f : auto_init.oem4f (.text)
                  000064c4    0000009c     rtsv7M4_T_le_v4SPD16_eabi.lib : _bufread.c.obj (.text:__TI_buff_read)
                  00006560    0000009c                                   : fopen.c.obj (.text:fopen)
                  000065fc    0000009c                                   : memcpy_t2.asm.obj (.text)
                  00006698    00000096                                   : ull_div_t2.asm.obj (.text)
                  0000672e    00000002     --HOLE-- [fill = 0]
                  00006730    00000094     sysbios.aem4f : BIOS.obj (.text:_pthread_removeThreadKeys)
                  000067c4    00000004     --HOLE-- [fill = 0]
                  000067c8    00000094                   : BIOS.obj (.text:ti_sysbios_family_arm_m3_Hwi_initNVIC__E)
                  0000685c    00000004     --HOLE-- [fill = 0]
                  00006860    00000094                   : BIOS.obj (.text:ti_sysbios_knl_Task_exit__E)
                  000068f4    00000090     HVAC_IO.obj (.text:HVAC_InicialiceADC)
                  00006984    00000090     HVAC_IO.obj (.text:HVAC_InicialiceIO)
                  00006a14    00000090     adc_f_MSP432.obj (.text:adc_close)
                  00006aa4    00000004     --HOLE-- [fill = 0]
                  00006aa8    00000090     sysbios.aem4f : BIOS.obj (.text:ti_sysbios_knl_Task_Module_startup__E)
                  00006b38    0000008c     gpio_f_MSP432.obj (.text:gpio_close)
                  00006bc4    0000008c     sysbios.aem4f : m3_TaskSupport_asm.obj (.text:ti_sysbios_family_arm_m3_TaskSupport_buildTaskStack)
                  00006c50    0000008c                   : BIOS.obj (.text:xdc_runtime_Memory_alloc__E)
                  00006cdc    00000088     adc_f_MSP432.obj (.text:adc_temperature)
                  00006d64    00000086     rtsv7M4_T_le_v4SPD16_eabi.lib : fd_cmp_t2.asm.obj (.text:__aeabi_cdcmple)
                  00006dea    00000086                                   : fd_cmp_t2.asm.obj (.text:__aeabi_cdrcmple)
                  00006e70    00000086     sysbios.aem4f : BIOS.obj (.text:xdc_runtime_Core_constructObject__I)
                  00006ef6    00000002     --HOLE-- [fill = 0]
                  00006ef8    00000084     msp432p4xx_driverlib.lib : pcm.o (.text:PCM_gotoLPM3)
                  00006f7c    00000084     adc_f_MSP432.obj (.text:adc_hw_init)
                  00007000    00000084     sysbios.aem4f : BIOS.obj (.text:ti_sysbios_family_arm_m3_Hwi_postInit__I)
                  00007084    00000004     --HOLE-- [fill = 0]
                  00007088    00000084                   : BIOS.obj (.text:ti_sysbios_heaps_HeapMem_free__E)
                  0000710c    00000084     timer_f_msp432.obj (.text:timer_close)
                  00007190    00000080     int_MSP432.obj (.text:Int_enableInterrupt)
                  00007210    00000080     sysbios.aem4f : BIOS.obj (.text:ti_sysbios_knl_Clock_workFunc__E)
                  00007290    0000007a     rtsv7M4_T_le_v4SPD16_eabi.lib : memset_t2.asm.obj (.text)
                  0000730a    00000078     Files.obj (.text:ioctl)
                  00007382    00000002     --HOLE-- [fill = 0]
                  00007384    00000074     adc_f_MSP432.obj (.text:ADC14_IRQHandler)
                  000073f8    00000074     int_MSP432.obj (.text:Int_disable)
                  0000746c    00000074     rtsv7M4_T_le_v4SPD16_eabi.lib : fclose.c.obj (.text:__TI_closefile)
                  000074e0    00000074     timer_f_msp432.obj (.text:clean_timer)
                  00007554    00000004     --HOLE-- [fill = 0]
                  00007558    00000070     sysbios.aem4f : BIOS.obj (.text:ti_sysbios_heaps_HeapMem_initPrimary__I)
                  000075c8    0000006e     rtsv7M4_T_le_v4SPD16_eabi.lib : _printfi.c.obj (.text:_mcpy)
                  00007636    00000002     --HOLE-- [fill = 0]
                  00007638    0000006c                                   : hostrename.c.obj (.text:HOSTrename)
                  000076a4    00000004     --HOLE-- [fill = 0]
                  000076a8    0000006c     sysbios.aem4f : BIOS.obj (.text:ti_sysbios_knl_Swi_restoreHwi__E)
                  00007714    00000068     rtsv7M4_T_le_v4SPD16_eabi.lib : hostlseek.c.obj (.text:HOSTlseek)
                  0000777c    00000068                                   : copy_decompress_lzss.c.obj (.text:decompress:lzss:__TI_decompress_lzss)
                  000077e4    00000068     Files.obj (.text:fread_f)
                  0000784c    00000068     Files.obj (.text:gen_name_file)
                  000078b4    00000068     rtsv7M4_T_le_v4SPD16_eabi.lib : printf.c.obj (.text:printf)
                  0000791c    00000004     --HOLE-- [fill = 0]
                  00007920    00000066     sysbios.aem4f : BIOS.obj (.text:xdc_runtime_Core_deleteObject__I)
                  00007986    00000002     --HOLE-- [fill = 0]
                  00007988    00000064     rtsv7M4_T_le_v4SPD16_eabi.lib : s_frexp.c.obj (.text:frexp)
                  000079ec    00000064                                   : fseek.c.obj (.text:fseek)
                  00007a50    00000064     Threads.obj (.text:main)
                  00007ab4    00000004     --HOLE-- [fill = 0]
                  00007ab8    00000064     sysbios.aem4f : BIOS.obj (.text:pthread_exit)
                  00007b1c    00000004     --HOLE-- [fill = 0]
                  00007b20    00000064                   : BIOS.obj (.text:ti_sysbios_family_arm_m3_Hwi_dispatchC__I)
                  00007b84    00000064     timer_f_msp432.obj (.text:timer_hw_init)
                  00007be8    00000062     rtsv7M4_T_le_v4SPD16_eabi.lib : _io_perm.c.obj (.text:__TI_wrt_ok)
                  00007c4a    00000002     --HOLE-- [fill = 0]
                  00007c4c    00000060                                   : hostopen.c.obj (.text:HOSTopen)
                  00007cac    00000004     --HOLE-- [fill = 0]
                  00007cb0    00000060     sysbios.aem4f : BIOS.obj (.text:ti_sysbios_knl_Semaphore_post__E)
                  00007d10    00000060                   : BIOS.obj (.text:ti_sysbios_knl_Swi_run__I)
                  00007d70    00000060     release_pem4f.oem4f (.text:ti_sysbios_knl_Task_create)
                  00007dd0    0000005e     msp432p4xx_driverlib.lib : pcm.o (.text:PCM_getCoreVoltageLevel)
                  00007e2e    00000002     --HOLE-- [fill = 0]
                  00007e30    0000005c     int_MSP432.obj (.text:Int_registerInterrupt)
                  00007e8c    0000005c     rtsv7M4_T_le_v4SPD16_eabi.lib : close.c.obj (.text:close)
                  00007ee8    0000005c     sysbios.aem4f : BIOS.obj (.text:ti_sysbios_knl_Swi_schedule__I)
                  00007f44    00000004     --HOLE-- [fill = 0]
                  00007f48    0000005c                   : BIOS.obj (.text:ti_sysbios_knl_Task_startCore__E)
                  00007fa4    00000004     --HOLE-- [fill = 0]
                  00007fa8    0000005c                   : BIOS.obj (.text:xdc_runtime_Startup_exec__E)
                  00008004    0000005a     msp432p4xx_driverlib.lib : pcm.o (.text:PCM_getPowerMode)
                  0000805e    00000002     --HOLE-- [fill = 0]
                  00008060    00000058     rtsv7M4_T_le_v4SPD16_eabi.lib : hostread.c.obj (.text:HOSTread)
                  000080b8    00000058                                   : hostwrite.c.obj (.text:HOSTwrite)
                  00008110    00000058     uart_f_MSP432.obj (.text:UART_clck_source)
                  00008168    00000058     uart_f_MSP432.obj (.text:UART_set_baud_rate)
                  000081c0    00000058     adc_f_MSP432.obj (.text:adc_read)
                  00008218    00000058     boot.aem4f : boot.oem4f (.text)
                  00008270    00000058     sysbios.aem4f : m3_Hwi_asm_switch.obj (.text:ti_sysbios_family_arm_m3_Hwi_initStacks__E)
                  000082c8    00000056     rtsv7M4_T_le_v4SPD16_eabi.lib : _printfi.c.obj (.text:_pconv_f)
                  0000831e    00000002     --HOLE-- [fill = 0]
                  00008320    00000054     msp432p4xx_driverlib.lib : pcm.o (.text:PCM_shutdownDevice)
                  00008374    00000054     rtsv7M4_T_le_v4SPD16_eabi.lib : _ltoa.c.obj (.text:__TI_ltoa)
                  000083c8    00000054     sysbios.aem4f : BIOS.obj (.text:ti_sysbios_family_arm_msp432_Timer_initDevice__I)
                  0000841c    00000052     rtsv7M4_T_le_v4SPD16_eabi.lib : _printfi.c.obj (.text:_ecpy)
                  0000846e    00000002     --HOLE-- [fill = 0]
                  00008470    00000050     sysbios.aem4f : BIOS.obj (.text:ti_sysbios_family_arm_m3_Hwi_Module_startup__E)
                  000084c0    0000004c     HVAC_IO.obj (.text:HVAC_PrintState)
                  0000850c    0000004c     rtsv7M4_T_le_v4SPD16_eabi.lib : fflush.c.obj (.text:__TI_doflush)
                  00008558    0000004c                                   : atoi.c.obj (.text:atoi)
                  000085a4    0000004c                                   : cpy_tbl.c.obj (.text:copy_in)
                  000085f0    0000004c     sysbios.aem4f : BIOS.obj (.text:ti_sysbios_family_arm_msp432_Timer_postInit__I)
                  0000863c    00000004     --HOLE-- [fill = 0]
                  00008640    0000004c                   : BIOS.obj (.text:ti_sysbios_family_arm_msp432_Timer_start__E)
                  0000868c    00000004     --HOLE-- [fill = 0]
                  00008690    0000004c                   : BIOS.obj (.text:ti_sysbios_heaps_HeapMem_getStats__E)
                  000086dc    00000004     --HOLE-- [fill = 0]
                  000086e0    0000004c                   : BIOS.obj (.text:ti_sysbios_knl_Swi_runLoop__I)
                  0000872c    00000004     --HOLE-- [fill = 0]
                  00008730    0000004c                   : BIOS.obj (.text:ti_sysbios_knl_Task_allBlockedFunction__I)
                  0000877c    00000004     --HOLE-- [fill = 0]
                  00008780    0000004c                   : BIOS.obj (.text:ti_sysbios_knl_Task_schedule__I)
                  000087cc    0000004a     rtsv7M4_T_le_v4SPD16_eabi.lib : _io_perm.c.obj (.text:__TI_rd_ok)
                  00008816    00000002     --HOLE-- [fill = 0]
                  00008818    00000048                                   : exit.c.obj (.text:exit)
                  00008860    00000048                                   : fd_toi_t2.asm.obj (.text)
                  000088a8    00000048     sysbios.aem4f : BIOS.obj (.text:ti_sysbios_family_arm_m3_Hwi_enableInterrupt__E)
                  000088f0    00000048                   : BIOS.obj (.text:ti_sysbios_knl_Mailbox_Module_startup__E)
                  00008938    00000048                   : BIOS.obj (.text:xdc_runtime_Core_assignParams__I)
                  00008980    00000044     rtsv7M4_T_le_v4SPD16_eabi.lib : hostclose.c.obj (.text:HOSTclose)
                  000089c4    00000044                                   : hostunlink.c.obj (.text:HOSTunlink)
                  00008a08    00000044     HVAC_IO.obj (.text:HVAC_InicialiceUART)
                  00008a4c    00000044     uart_f_MSP432.obj (.text:fputs)
                  00008a90    00000044     rtsv7M4_T_le_v4SPD16_eabi.lib : getdevice.c.obj (.text:getdevice)
                  00008ad4    00000004     --HOLE-- [fill = 0]
                  00008ad8    00000044     sysbios.aem4f : BIOS.obj (.text:ti_sysbios_family_arm_m3_Hwi_getStackInfo__E)
                  00008b1c    00000004     --HOLE-- [fill = 0]
                  00008b20    00000044                   : BIOS.obj (.text:ti_sysbios_knl_Swi_post__E)
                  00008b64    00000044     release_pem4f.oem4f (.text:ti_sysbios_rts_MemAlloc_alloc)
                  00008ba8    00000044     uart_f_MSP432.obj (.text:uart_ioctl)
                  00008bec    00000040     rtsv7M4_T_le_v4SPD16_eabi.lib : sprintf.c.obj (.text:sprintf)
                  00008c2c    00000004     --HOLE-- [fill = 0]
                  00008c30    00000040     sysbios.aem4f : BIOS.obj (.text:ti_sysbios_family_arm_msp432_Timer_Module_startup__E)
                  00008c70    00000040                   : BIOS.obj (.text:ti_sysbios_family_arm_msp432_Timer_startup__E)
                  00008cb0    00000040     release_pem4f.oem4f (.text:ti_sysbios_gates_GateHwi_Object__create__S)
                  00008cf0    00000040     release_pem4f.oem4f (.text:ti_sysbios_gates_GateMutex_Object__create__S)
                  00008d30    00000040     sysbios.aem4f : BIOS.obj (.text:ti_sysbios_heaps_HeapMem_Instance_init__E)
                  00008d70    00000040     release_pem4f.oem4f (.text:ti_sysbios_heaps_HeapMem_Object__create__S)
                  00008db0    0000003e     rtsv7M4_T_le_v4SPD16_eabi.lib : _printfi.c.obj (.text:_fcpy)
                  00008dee    00000002     --HOLE-- [fill = 0]
                  00008df0    0000003c     sysbios.aem4f : BIOS.obj (.text:sleep)
                  00008e2c    00000004     --HOLE-- [fill = 0]
                  00008e30    0000003c                   : BIOS.obj (.text:ti_sysbios_family_arm_msp432_Seconds_Module_startup__E)
                  00008e6c    00000004     --HOLE-- [fill = 0]
                  00008e70    0000003c                   : BIOS.obj (.text:ti_sysbios_knl_Swi_restore__E)
                  00008eac    00000004     --HOLE-- [fill = 0]
                  00008eb0    0000003c                   : BIOS.obj (.text:usleep)
                  00008eec    00000038     rtsv7M4_T_le_v4SPD16_eabi.lib : trgmsg.c.obj (.text:__TI_writemsg)
                  00008f24    00000038     release_pem4f.oem4f (.text:ti_sysbios_knl_Clock_doTick__I)
                  00008f5c    00000004     --HOLE-- [fill = 0]
                  00008f60    00000038     sysbios.aem4f : BIOS.obj (.text:xdc_runtime_System_atexit__E)
                  00008f98    00000036     rtsv7M4_T_le_v4SPD16_eabi.lib : strncpy.c.obj (.text:strncpy)
                  00008fce    00000002     --HOLE-- [fill = 0]
                  00008fd0    00000034     uart_f_MSP432.obj (.text:UART_set_parity)
                  00009004    00000034     rtsv7M4_T_le_v4SPD16_eabi.lib : fopen.c.obj (.text:__TI_cleanup)
                  00009038    00000034                                   : trgmsg.c.obj (.text:__TI_readmsg)
                  0000906c    00000034     release_pem4f.oem4f (.text:ti_sysbios_knl_Semaphore_construct)
                  000090a0    00000032     sysbios.aem4f : BIOS.obj (.text:ti_sysbios_hal_Hwi_initStack)
                  000090d2    00000002     --HOLE-- [fill = 0]
                  000090d4    00000030     rtsv7M4_T_le_v4SPD16_eabi.lib : getdevice.c.obj (.text:finddevice)
                  00009104    00000030     release_pem4f.oem4f (.text:ti_sysbios_BIOS_atExitFunc__I)
                  00009134    00000030     release_pem4f.oem4f (.text:ti_sysbios_BIOS_rtsLock__I)
                  00009164    00000030     release_pem4f.oem4f (.text:ti_sysbios_BIOS_startFunc__I)
                  00009194    00000030     release_pem4f.oem4f (.text:ti_sysbios_family_arm_m3_Hwi_Object__get__S)
                  000091c4    00000004     --HOLE-- [fill = 0]
                  000091c8    00000030     sysbios.aem4f : BIOS.obj (.text:ti_sysbios_family_arm_m3_TaskSupport_start__E)
                  000091f8    00000030                   : BIOS.obj (.text:ti_sysbios_gates_GateMutex_enter__E)
                  00009228    00000030     release_pem4f.oem4f (.text:ti_sysbios_heaps_HeapMem_Object__get__S)
                  00009258    00000030     sysbios.aem4f : BIOS.obj (.text:ti_sysbios_knl_Mailbox_postInit__I)
                  00009288    00000030     release_pem4f.oem4f (.text:ti_sysbios_knl_Queue_construct)
                  000092b8    00000030     sysbios.aem4f : BIOS.obj (.text:ti_sysbios_knl_Semaphore_pendTimeout__I)
                  000092e8    00000030     release_pem4f.oem4f (.text:ti_sysbios_knl_Swi_Object__get__S)
                  00009318    00000030     sysbios.aem4f : BIOS.obj (.text:ti_sysbios_knl_Task_processVitalTaskFlag__I)
                  00009348    00000030                   : BIOS.obj (.text:ti_sysbios_knl_Task_restore__E)
                  00009378    00000030                   : BIOS.obj (.text:ti_sysbios_knl_Task_unblockI__E)
                  000093a8    00000030                   : BIOS.obj (.text:xdc_runtime_System_processAtExit__E)
                  000093d8    0000002e                   : BIOS.obj (.text:pthread_setcancelstate)
                  00009406    0000002e     rtsv7M4_T_le_v4SPD16_eabi.lib : i_tofd_t2.asm.obj (.text)
                  00009434    0000002c     HVAC_IO.obj (.text:INT_SWI)
                  00009460    0000002c     msp432p4xx_driverlib.lib : rtc_c.o (.text:RTC_C_holdClock)
                  0000948c    00000004     --HOLE-- [fill = 0]
                  00009490    0000002c     sysbios.aem4f : BIOS.obj (.text:_pthread_cleanupFxn)
                  000094bc    00000004     --HOLE-- [fill = 0]
                  000094c0    0000002c                   : BIOS.obj (.text:_pthread_delete$43)
                  000094ec    0000002c     rtsv7M4_T_le_v4SPD16_eabi.lib : strncmp.c.obj (.text:strncmp)
                  00009518    0000002c     release_pem4f.oem4f (.text:ti_sysbios_BIOS_rtsUnlock__I)
                  00009544    0000002c     release_pem4f.oem4f (.text:ti_sysbios_gates_GateHwi_Handle__label__S)
                  00009570    0000002c     release_pem4f.oem4f (.text:ti_sysbios_gates_GateMutex_Handle__label__S)
                  0000959c    0000002c     release_pem4f.oem4f (.text:ti_sysbios_heaps_HeapMem_Handle__label__S)
                  000095c8    0000002c     release_pem4f.oem4f (.text:ti_sysbios_knl_Semaphore_Params__init__S)
                  000095f4    0000002c     release_pem4f.oem4f (.text:ti_sysbios_knl_Task_Object__get__S)
                  00009620    0000002c     release_pem4f.oem4f (.text:ti_sysbios_knl_Task_Params__init__S)
                  0000964c    0000002c     rtsv7M4_T_le_v4SPD16_eabi.lib : unlink.c.obj (.text:unlink)
                  00009678    00000028     msp432p4xx_driverlib.lib : pcm.o (.text:PCM_gotoLPM0)
                  000096a0    00000028     uart_f_MSP432.obj (.text:fputc)
                  000096c8    00000028     release_pem4f.oem4f (.text:free)
                  000096f0    00000028     rtsv7M4_T_le_v4SPD16_eabi.lib : lseek.c.obj (.text:lseek)
                  00009718    00000028                                   : read.c.obj (.text:read)
                  00009740    00000028     sysbios.aem4f : m3_Hwi_asm.obj (.text:ti_sysbios_family_arm_m3_Hwi_excHandlerAsm__I)
                  00009768    00000028     release_pem4f.oem4f (.text:ti_sysbios_gates_GateMutex_Object__delete__S)
                  00009790    00000028     sysbios.aem4f : BIOS.obj (.text:ti_sysbios_knl_Clock_addI__E)
                  000097b8    00000028                   : BIOS.obj (.text:ti_sysbios_knl_Swi_Module_startup__E)
                  000097e0    00000028     release_pem4f.oem4f (.text:ti_sysbios_knl_Task_Object__delete__S)
                  00009808    00000028     rtsv7M4_T_le_v4SPD16_eabi.lib : write.c.obj (.text:write)
                  00009830    00000026     sysbios.aem4f : m3_Hwi_asm.obj (.text:ti_sysbios_family_arm_m3_Hwi_pendSV__I)
                  00009856    00000002     --HOLE-- [fill = 0]
                  00009858    00000024     msp432p4xx_driverlib.lib : wdt_a.o (.text:WDT_A_holdTimer)
                  0000987c    00000004     --HOLE-- [fill = 0]
                  00009880    00000024     sysbios.aem4f : BIOS.obj (.text:pthread_attr_init)
                  000098a4    00000024     release_pem4f.oem4f (.text:ti_sysbios_BIOS_registerRTSLock__I)
                  000098c8    00000024     release_pem4f.oem4f (.text:ti_sysbios_gates_GateHwi_Object__delete__S)
                  000098ec    00000024     release_pem4f.oem4f (.text:ti_sysbios_heaps_HeapMem_Object__delete__S)
                  00009910    00000024     sysbios.aem4f : BIOS.obj (.text:ti_sysbios_knl_Clock_Module_startup__E)
                  00009934    00000004     --HOLE-- [fill = 0]
                  00009938    00000024                   : BIOS.obj (.text:ti_sysbios_knl_Semaphore_Instance_init__E)
                  0000995c    00000004     --HOLE-- [fill = 0]
                  00009960    00000024                   : BIOS.obj (.text:ti_sysbios_knl_Task_restoreHwi__E)
                  00009984    00000004     --HOLE-- [fill = 0]
                  00009988    00000024                   : BIOS.obj (.text:xdc_runtime_Error_policyMin__E)
                  000099ac    00000020     rtsv7M4_T_le_v4SPD16_eabi.lib : memchr.c.obj (.text:memchr)
                  000099cc    00000020     release_pem4f.oem4f (.text:ti_sysbios_BIOS_removeRTSLock__I)
                  000099ec    00000004     --HOLE-- [fill = 0]
                  000099f0    00000020     sysbios.aem4f : BIOS.obj (.text:ti_sysbios_knl_Idle_run__E)
                  00009a10    00000020     release_pem4f.oem4f (.text:ti_sysbios_knl_Mailbox_Object__get__S)
                  00009a30    00000020     release_pem4f.oem4f (.text:ti_sysbios_knl_Semaphore_destruct)
                  00009a50    00000020     release_pem4f.oem4f (.text:ti_sysbios_rts_ti_ReentSupport_getTlsAddr__I)
                  00009a70    00000020     uart_f_MSP432.obj (.text:uart_close)
                  00009a90    00000020     release_pem4f.oem4f (.text:xdc_runtime_IHeap_alloc)
                  00009ab0    0000001e     rtsv7M4_T_le_v4SPD16_eabi.lib : strcat.c.obj (.text:strcat)
                  00009ace    0000001e     sysbios.aem4f : m3_Hwi_asm_switch.obj (.text:ti_sysbios_family_xxx_Hwi_switchAndRunFunc)
                  00009aec    0000001e     release_pem4f.oem4f (.text:ti_sysbios_knl_Task_SupportProxy_start__E)
                  00009b0a    0000001e     release_pem4f.oem4f (.text:xdc_runtime_Memory_HeapProxy_alloc__E)
                  00009b28    0000001c     rtsv7M4_T_le_v4SPD16_eabi.lib : memccpy.c.obj (.text:memccpy)
                  00009b44    0000001c     release_pem4f.oem4f (.text:ti_sysbios_family_arm_m3_Hwi_Module__startupDone__F)
                  00009b60    0000001c     sysbios.aem4f : BIOS.obj (.text:ti_sysbios_family_arm_m3_Hwi_excHandler__I)
                  00009b7c    0000001c     release_pem4f.oem4f (.text:ti_sysbios_family_arm_msp432_Timer_Module__startupDone__F)
                  00009b98    0000001c     sysbios.aem4f : BIOS.obj (.text:ti_sysbios_gates_GateMutex_Instance_init__E)
                  00009bb4    0000001c     release_pem4f.oem4f (.text:ti_sysbios_knl_Queue_Object__get__S)
                  00009bd0    0000001c     release_pem4f.oem4f (.text:ti_sysbios_knl_Queue_destruct)
                  00009bec    00000004     --HOLE-- [fill = 0]
                  00009bf0    0000001c     sysbios.aem4f : BIOS.obj (.text:ti_sysbios_knl_Queue_put__E)
                  00009c0c    00000004     --HOLE-- [fill = 0]
                  00009c10    0000001c                   : BIOS.obj (.text:ti_sysbios_knl_Task_enter__I)
                  00009c2c    00000004     --HOLE-- [fill = 0]
                  00009c30    0000001c                   : BIOS.obj (.text:ti_sysbios_rts_ti_ReentSupport_getReent__F)
                  00009c4c    00000004     --HOLE-- [fill = 0]
                  00009c50    0000001c                   : BIOS.obj (.text:xdc_runtime_Memory_valloc__E)
                  00009c6c    0000001c     release_pem4f.oem4f (.text:xdc_runtime_Startup_exec__I)
                  00009c88    0000001c     sysbios.aem4f : BIOS.obj (.text:xdc_runtime_System_abort__E)
                  00009ca4    0000001b     uart_f_MSP432.obj (.text:print)
                  00009cbf    00000001     --HOLE-- [fill = 0]
                  00009cc0    0000001a     rtsv7M4_T_le_v4SPD16_eabi.lib : s_copysign.c.obj (.text:copysign)
                  00009cda    0000001a     release_pem4f.oem4f (.text:xdc_runtime_IHeap_free)
                  00009cf4    00000018     release_pem4f.oem4f (.text:.bootCodeSection:ti_sysbios_family_arm_msp432_init_Boot_init__I)
                  00009d0c    00000018     uart_f_MSP432.obj (.text:UART_B_char_IE)
                  00009d24    00000018     uart_f_MSP432.obj (.text:UART_E_char_IE)
                  00009d3c    00000018     uart_f_MSP432.obj (.text:UART_data_bits)
                  00009d54    00000018     uart_f_MSP432.obj (.text:UART_mode)
                  00009d6c    00000018     uart_f_MSP432.obj (.text:UART_set_oversampling)
                  00009d84    00000018     uart_f_MSP432.obj (.text:UART_set_stop_bits)
                  00009d9c    00000018     uart_f_MSP432.obj (.text:UART_set_transmision_dir)
                  00009db4    00000018     rtsv7M4_T_le_v4SPD16_eabi.lib : args_main.c.obj (.text:_args_main)
                  00009dcc    00000018                                   : sprintf.c.obj (.text:_outs)
                  00009de4    00000018                                   : strcmp.c.obj (.text:strcmp)
                  00009dfc    00000018     sysbios.aem4f : m3_TaskSupport_asm.obj (.text:ti_sysbios_family_arm_m3_TaskSupport_swap__E)
                  00009e14    00000004     --HOLE-- [fill = 0]
                  00009e18    00000018                   : BIOS.obj (.text:ti_sysbios_gates_GateMutex_leave__E)
                  00009e30    00000018                   : BIOS.obj (.text:ti_sysbios_knl_Task_sleepTimeout__I)
                  00009e48    00000018                   : BIOS.obj (.text:xdc_runtime_Error_init__E)
                  00009e60    00000018                   : BIOS.obj (.text:xdc_runtime_System_exit__E)
                  00009e78    00000016     rtsv7M4_T_le_v4SPD16_eabi.lib : strchr.c.obj (.text:strchr)
                  00009e8e    00000016     release_pem4f.oem4f (.text:ti_sysbios_BIOS_exitFunc__I)
                  00009ea4    00000004     --HOLE-- [fill = 0]
                  00009ea8    00000016     sysbios.aem4f : BIOS.obj (.text:ti_sysbios_knl_Task_unblock__E)
                  00009ebe    00000002     --HOLE-- [fill = 0]
                  00009ec0    00000014     msp432p4xx_driverlib.lib : pcm.o (.text:PCM_getPowerState)
                  00009ed4    00000004     --HOLE-- [fill = 0]
                  00009ed8    00000014     sysbios.aem4f : BIOS.obj (.text:pthread_attr_setschedparam)
                  00009eec    00000014     rtsv7M4_T_le_v4SPD16_eabi.lib : strcpy.c.obj (.text:strcpy)
                  00009f00    00000014                                   : strlen.c.obj (.text:strlen)
                  00009f14    00000004     --HOLE-- [fill = 0]
                  00009f18    00000014     sysbios.aem4f : BIOS.obj (.text:ti_sysbios_family_arm_m3_Hwi_switchFromBootStack__E)
                  00009f2c    00000014     release_pem4f.oem4f (.text:ti_sysbios_hal_Hwi_HwiProxy_getStackInfo__E)
                  00009f40    00000014     release_pem4f.oem4f (.text:ti_sysbios_knl_Clock_Module_State_clockQ)
                  00009f54    00000014     release_pem4f.oem4f (.text:xdc_runtime_Memory_HeapProxy_free__E)
                  00009f68    00000012     sysbios.aem4f : BIOS.obj (.text:_pthread_cleanup_pop)
                  00009f7a    00000006     --HOLE-- [fill = 0]
                  00009f80    00000012                   : BIOS.obj (.text:_pthread_runStub$43)
                  00009f92    00000006     --HOLE-- [fill = 0]
                  00009f98    00000012                   : BIOS.obj (.text:ti_sysbios_hal_Hwi_Module_startup__E)
                  00009faa    00000012     rtsv7M4_T_le_v4SPD16_eabi.lib : wcslen.c.obj (.text:wcslen)
                  00009fbc    00000010     msp432p4xx_driverlib.lib : pcm.o (.text:PCM_gotoLPM4)
                  00009fcc    00000010                              : pcm.o (.text:PCM_setPowerMode)
                  00009fdc    00000010                              : pcm.o (.text:PCM_setPowerState)
                  00009fec    00000010     gpio_f_MSP432.obj (.text:gpio_read)
                  00009ffc    00000010     release_pem4f.oem4f (.text:ti_sysbios_BIOS_RtsGateProxy_leave__E)
                  0000a00c    00000004     --HOLE-- [fill = 0]
                  0000a010    00000010     sysbios.aem4f : BIOS.obj (.text:ti_sysbios_BIOS_exit__E)
                  0000a020    00000010                   : BIOS.obj (.text:ti_sysbios_BIOS_setThreadType__E)
                  0000a030    00000010                   : BIOS.obj (.text:ti_sysbios_BIOS_start__E)
                  0000a040    00000010                   : m3_TaskSupport_asm.obj (.text:ti_sysbios_family_arm_m3_TaskSupport_glue)
                  0000a050    00000010                   : BIOS.obj (.text:ti_sysbios_family_arm_msp432_init_Boot_disableWatchdog)
                  0000a060    00000010                   : BIOS.obj (.text:ti_sysbios_gates_GateMutex_Instance_finalize__E)
                  0000a070    00000010     release_pem4f.oem4f (.text:ti_sysbios_heaps_HeapMem_Module_GateProxy_leave__E)
                  0000a080    00000010     sysbios.aem4f : BIOS.obj (.text:ti_sysbios_knl_Semaphore_Instance_finalize__E)
                  0000a090    00000010                   : BIOS.obj (.text:ti_sysbios_knl_Swi_disable__E)
                  0000a0a0    00000010     release_pem4f.oem4f (.text:ti_sysbios_knl_Task_SupportProxy_swap__E)
                  0000a0b0    00000010     sysbios.aem4f : BIOS.obj (.text:ti_sysbios_knl_Task_disable__E)
                  0000a0c0    00000010     uart_f_MSP432.obj (.text:uart_read)
                  0000a0d0    00000010     sysbios.aem4f : BIOS.obj (.text:xdc_runtime_Gate_leaveSystem__E)
                  0000a0e0    00000010                   : BIOS.obj (.text:xdc_runtime_Memory_free__E)
                  0000a0f0    00000010                   : BIOS.obj (.text:xdc_runtime_SysCallback_abort__E)
                  0000a100    00000010                   : BIOS.obj (.text:xdc_runtime_SysCallback_exit__E)
                  0000a110    00000010     release_pem4f.oem4f (.text:xdc_runtime_System_Module_GateProxy_leave__E)
                  0000a120    0000000e     rtsv7M4_T_le_v4SPD16_eabi.lib : copy_decompress_none.c.obj (.text:decompress:none:__TI_decompress_none)
                  0000a12e    00000002     --HOLE-- [fill = 0]
                  0000a130    0000000e     sysbios.aem4f : BIOS.obj (.text:pthread_attr_setdetachstate)
                  0000a13e    00000002     --HOLE-- [fill = 0]
                  0000a140    0000000e                   : BIOS.obj (.text:ti_sysbios_knl_Idle_loop__E)
                  0000a14e    00000002     --HOLE-- [fill = 0]
                  0000a150    0000000e                   : BIOS.obj (.text:ti_sysbios_knl_Queue_empty__E)
                  0000a15e    00000002     --HOLE-- [fill = 0]
                  0000a160    0000000c     HVAC_IO.obj (.text:HVAC_BotonMenu)
                  0000a16c    0000000c     rtsv7M4_T_le_v4SPD16_eabi.lib : _lock.c.obj (.text:_register_lock)
                  0000a178    0000000c                                   : _lock.c.obj (.text:_register_unlock)
                  0000a184    0000000c                                   : copy_zero_init.c.obj (.text:decompress:ZI:__TI_zero_init)
                  0000a190    0000000c     release_pem4f.oem4f (.text:malloc)
                  0000a19c    00000004     --HOLE-- [fill = 0]
                  0000a1a0    0000000c     sysbios.aem4f : BIOS.obj (.text:pthread_self)
                  0000a1ac    0000000c     release_pem4f.oem4f (.text:ti_sysbios_BIOS_RtsGateProxy_enter__E)
                  0000a1b8    0000000c     sysbios.aem4f : BIOS.obj (.text:ti_sysbios_family_arm_m3_TaskSupport_getStackAlignment__E)
                  0000a1c4    00000004     --HOLE-- [fill = 0]
                  0000a1c8    0000000c                   : BIOS.obj (.text:ti_sysbios_family_arm_msp432_Timer_getMaxTicks__E)
                  0000a1d4    00000004     --HOLE-- [fill = 0]
                  0000a1d8    0000000c                   : BIOS.obj (.text:ti_sysbios_gates_GateHwi_enter__E)
                  0000a1e4    0000000c     release_pem4f.oem4f (.text:ti_sysbios_heaps_HeapMem_Module_GateProxy_enter__E)
                  0000a1f0    0000000c     release_pem4f.oem4f (.text:ti_sysbios_heaps_HeapMem_Module_GateProxy_query__E)
                  0000a1fc    0000000c     release_pem4f.oem4f (.text:ti_sysbios_knl_Clock_TimerProxy_getMaxTicks__E)
                  0000a208    0000000c     release_pem4f.oem4f (.text:ti_sysbios_knl_Task_delete)
                  0000a214    00000004     --HOLE-- [fill = 0]
                  0000a218    0000000c     sysbios.aem4f : BIOS.obj (.text:ti_sysbios_knl_Task_self__E)
                  0000a224    00000004     --HOLE-- [fill = 0]
                  0000a228    0000000c                   : BIOS.obj (.text:ti_sysbios_rts_ti_ReentSupport_taskRegHook__I)
                  0000a234    00000004     --HOLE-- [fill = 0]
                  0000a238    0000000c                   : BIOS.obj (.text:xdc_runtime_Gate_enterSystem__E)
                  0000a244    00000004     --HOLE-- [fill = 0]
                  0000a248    0000000c                   : BIOS.obj (.text:xdc_runtime_Startup_rtsDone__E)
                  0000a254    0000000c     release_pem4f.oem4f (.text:xdc_runtime_System_Module_GateProxy_enter__E)
                  0000a260    0000000c     release_pem4f.oem4f (.text:xdc_runtime_System_SupportProxy_abort__E)
                  0000a26c    0000000c     release_pem4f.oem4f (.text:xdc_runtime_System_SupportProxy_exit__E)
                  0000a278    0000000a     rtsv7M4_T_le_v4SPD16_eabi.lib : sprintf.c.obj (.text:_outc)
                  0000a282    00000006     --HOLE-- [fill = 0]
                  0000a288    00000008     sysbios.aem4f : BIOS.obj (.text:pthread_attr_setstacksize)
                  0000a290    00000008     rtsv7M4_T_le_v4SPD16_eabi.lib : rewind.c.obj (.text:rewind)
                  0000a298    00000008     release_pem4f.oem4f (.text:ti_sysbios_family_arm_m3_Hwi_Module__startupDone__S)
                  0000a2a0    00000008     sysbios.aem4f : BIOS.obj (.text:ti_sysbios_family_arm_m3_Hwi_doSwiRestore__I)
                  0000a2a8    00000008                   : BIOS.obj (.text:ti_sysbios_family_arm_m3_Hwi_startup__E)
                  0000a2b0    00000008     release_pem4f.oem4f (.text:ti_sysbios_family_arm_msp432_Timer_Module__startupDone__S)
                  0000a2b8    00000008     release_pem4f.oem4f (.text:ti_sysbios_hal_Hwi_HwiProxy_Module__startupDone__S)
                  0000a2c0    00000008     release_pem4f.oem4f (.text:ti_sysbios_hal_Hwi_HwiProxy_startup__E)
                  0000a2c8    00000008     release_pem4f.oem4f (.text:ti_sysbios_hal_Hwi_HwiProxy_switchFromBootStack__E)
                  0000a2d0    00000008     release_pem4f.oem4f (.text:ti_sysbios_knl_Clock_TimerProxy_Module__startupDone__S)
                  0000a2d8    00000008     release_pem4f.oem4f (.text:ti_sysbios_knl_Task_SupportProxy_Module__startupDone__S)
                  0000a2e0    00000008     release_pem4f.oem4f (.text:ti_sysbios_knl_Task_SupportProxy_getStackAlignment__E)
                  0000a2e8    00000008     release_pem4f.oem4f (.text:ti_sysbios_rts_ti_ReentSupport_getReent__E)
                  0000a2f0    00000008     release_pem4f.oem4f (.text:xdc_runtime_Startup_reset__I)
                  0000a2f8    00000006     sysbios.aem4f : BIOS.obj (.text:ti_sysbios_family_arm_m3_Hwi_doTaskRestore__I)
                  0000a2fe    00000002     --HOLE-- [fill = 0]
                  0000a300    00000006                   : BIOS.obj (.text:ti_sysbios_gates_GateHwi_leave__E)
                  0000a306    00000002     --HOLE-- [fill = 0]
                  0000a308    00000006                   : BIOS.obj (.text:ti_sysbios_heaps_HeapMem_isBlocking__E)
                  0000a30e    00000002     --HOLE-- [fill = 0]
                  0000a310    00000006                   : BIOS.obj (.text:ti_sysbios_knl_Queue_Instance_init__E)
                  0000a316    00000002     --HOLE-- [fill = 0]
                  0000a318    00000006                   : BIOS.obj (.text:ti_sysbios_knl_Swi_startup__E)
                  0000a31e    00000002     --HOLE-- [fill = 0]
                  0000a320    00000006                   : BIOS.obj (.text:xdc_runtime_System_Module_startup__E)
                  0000a326    00000002     --HOLE-- [fill = 0]
                  0000a328    00000004                   : BIOS.obj (.text:__aeabi_errno_addr)
                  0000a32c    00000004     --HOLE-- [fill = 0]
                  0000a330    00000004                   : BIOS.obj (.text:ti_sysbios_gates_GateHwi_query__E)
                  0000a334    00000004     --HOLE-- [fill = 0]
                  0000a338    00000004                   : BIOS.obj (.text:ti_sysbios_gates_GateMutex_query__E)
                  0000a33c    00000004     --HOLE-- [fill = 0]
                  0000a340    00000004                   : BIOS.obj (.text:ti_sysbios_knl_Task_startup__E)
                  0000a344    00000004     --HOLE-- [fill = 0]
                  0000a348    00000002                   : BIOS.obj (.text:ti_sysbios_BIOS_linkedWithIncorrectBootLibrary__E)
                  0000a34a    00000006     --HOLE-- [fill = 0]
                  0000a350    00000002                   : BIOS.obj (.text:ti_sysbios_gates_GateHwi_Instance_init__E)
                  0000a352    00000006     --HOLE-- [fill = 0]
                  0000a358    00000002                   : BIOS.obj (.text:ti_sysbios_knl_Clock_logTick__E)
                  0000a35a    00000006     --HOLE-- [fill = 0]
                  0000a360    00000002                   : BIOS.obj (.text:xdc_runtime_SysCallback_defaultAbort)
                  0000a362    00000006     --HOLE-- [fill = 0]
                  0000a368    00000002                   : BIOS.obj (.text:xdc_runtime_SysCallback_defaultExit)
                  0000a36a    00000006     --HOLE-- [fill = 0]
                  0000a370    00000002                   : BIOS.obj (.text:xdc_runtime_System_abortSpin__E)
                  0000a372    00000006     --HOLE-- [fill = 0]
                  0000a378    00000002                   : BIOS.obj (.text:xdc_runtime_System_exitSpin__E)

.const     0    0000a37c    000005fc     
                  0000a37c    00000101     rtsv7M4_T_le_v4SPD16_eabi.lib : ctype.c.obj (.const:.string:_ctypes_)
                  0000a47d    00000001     release_pem4f.oem4f (.const:xdc_runtime_Error_policy__C)
                  0000a47e    00000002     release_pem4f.oem4f (.const:ti_sysbios_family_arm_msp432_init_Boot_bypassHFXT__C)
                  0000a480    00000050     Files.obj (.const:instruction_set)
                  0000a4d0    00000048     release_pem4f.oem4f (.const:.string)
                  0000a518    0000003c     release_pem4f.oem4f (.const:ti_sysbios_knl_Task_Object__PARAMS__C)
                  0000a554    00000036     Files.obj (.const:.string)
                  0000a58a    00000002     release_pem4f.oem4f (.const:ti_sysbios_family_arm_msp432_init_Boot_bypassLFXT__C)
                  0000a58c    00000030     uart_f_MSP432.obj (.const:GPIO_PORT_TO_BASE)
                  0000a5bc    0000002c     HVAC_IO.obj (.const:$P$T2$3)
                  0000a5e8    00000028     release_pem4f.oem4f (.const:ti_sysbios_heaps_HeapMem_Module__FXNS__C)
                  0000a610    00000024     release_pem4f.oem4f (.const:ti_sysbios_gates_GateHwi_Module__FXNS__C)
                  0000a634    00000024     release_pem4f.oem4f (.const:ti_sysbios_gates_GateMutex_Module__FXNS__C)
                  0000a658    00000024     release_pem4f.oem4f (.const:ti_sysbios_heaps_HeapMem_Object__PARAMS__C)
                  0000a67c    00000024     release_pem4f.oem4f (.const:ti_sysbios_knl_Semaphore_Object__PARAMS__C)
                  0000a6a0    00000024     release_pem4f.oem4f (.const:xdc_runtime_Startup_sfxnTab__A)
                  0000a6c4    00000020     release_pem4f.oem4f (.const:ti_sysbios_gates_GateHwi_Object__DESC__C)
                  0000a6e4    00000020     release_pem4f.oem4f (.const:ti_sysbios_gates_GateMutex_Object__DESC__C)
                  0000a704    00000020     release_pem4f.oem4f (.const:ti_sysbios_heaps_HeapMem_Object__DESC__C)
                  0000a724    00000020     release_pem4f.oem4f (.const:ti_sysbios_knl_Queue_Object__DESC__C)
                  0000a744    00000020     release_pem4f.oem4f (.const:ti_sysbios_knl_Semaphore_Object__DESC__C)
                  0000a764    00000020     release_pem4f.oem4f (.const:ti_sysbios_knl_Task_Object__DESC__C)
                  0000a784    00000018     release_pem4f.oem4f (.const:ti_sysbios_gates_GateHwi_Object__PARAMS__C)
                  0000a79c    00000018     release_pem4f.oem4f (.const:ti_sysbios_gates_GateMutex_Object__PARAMS__C)
                  0000a7b4    00000018     release_pem4f.oem4f (.const:ti_sysbios_knl_Queue_Object__PARAMS__C)
                  0000a7cc    00000018     release_pem4f.oem4f (.const:ti_sysbios_knl_Task_hooks__A)
                  0000a7e4    00000012     release_pem4f.oem4f (.const:xdc_runtime_Startup_sfxnRts__A)
                  0000a7f6    00000002     release_pem4f.oem4f (.const:ti_sysbios_family_arm_msp432_init_Boot_enableHFXT__C)
                  0000a7f8    00000010     HVAC_IO.obj (.const:$P$T1$2)
                  0000a808    0000000c     uart_f_MSP432.obj (.const:BRFX)
                  0000a814    0000000c     uart_f_MSP432.obj (.const:BRS)
                  0000a820    0000000c     uart_f_MSP432.obj (.const:BRX)
                  0000a82c    0000000c     HVAC_IO.obj (.const:adc_ch_param2)
                  0000a838    0000000c     HVAC_IO.obj (.const:adc_ch_param3)
                  0000a844    0000000c     HVAC_IO.obj (.const:adc_ch_param)
                  0000a850    0000000c     release_pem4f.oem4f (.const:xdc_runtime_Startup_firstFxns__A)
                  0000a85c    00000008     HVAC_IO.obj (.const:$P$T0$1)
                  0000a864    00000008     HVAC_IO.obj (.const:adc_init)
                  0000a86c    00000008     int_MSP432.obj (.const:g_pulEnRegs)
                  0000a874    00000008     release_pem4f.oem4f (.const:ti_sysbios_knl_Idle_funcList__A)
                  0000a87c    00000008     release_pem4f.oem4f (.const:ti_sysbios_knl_Idle_funcList__C)
                  0000a884    00000008     release_pem4f.oem4f (.const:ti_sysbios_knl_Task_hooks__C)
                  0000a88c    00000008     release_pem4f.oem4f (.const:xdc_runtime_Startup_firstFxns__C)
                  0000a894    00000008     release_pem4f.oem4f (.const:xdc_runtime_Startup_lastFxns__C)
                  0000a89c    00000005     Files.obj (.const:.string:$P$T0$2)
                  0000a8a1    00000001     --HOLE-- [fill = 0]
                  0000a8a2    00000002     release_pem4f.oem4f (.const:ti_sysbios_family_arm_msp432_init_Boot_enableLFXT__C)
                  0000a8a4    00000004     release_pem4f.oem4f (.const:ti_sysbios_family_arm_m3_Hwi_NUM_INTERRUPTS__C)
                  0000a8a8    00000004     release_pem4f.oem4f (.const:ti_sysbios_family_arm_m3_Hwi_Object__count__C)
                  0000a8ac    00000004     release_pem4f.oem4f (.const:ti_sysbios_family_arm_m3_Hwi_Object__table__C)
                  0000a8b0    00000004     release_pem4f.oem4f (.const:ti_sysbios_family_arm_m3_Hwi_ccr__C)
                  0000a8b4    00000004     release_pem4f.oem4f (.const:ti_sysbios_family_arm_m3_Hwi_excHandlerFunc__C)
                  0000a8b8    00000004     release_pem4f.oem4f (.const:ti_sysbios_family_arm_m3_Hwi_nullIsrFunc__C)
                  0000a8bc    00000004     release_pem4f.oem4f (.const:ti_sysbios_family_arm_m3_Hwi_priGroup__C)
                  0000a8c0    00000004     release_pem4f.oem4f (.const:ti_sysbios_family_arm_m3_TaskSupport_stackAlignment__C)
                  0000a8c4    00000004     release_pem4f.oem4f (.const:ti_sysbios_family_arm_msp432_Timer_numTimerDevices__C)
                  0000a8c8    00000004     release_pem4f.oem4f (.const:ti_sysbios_family_arm_msp432_Timer_startupNeeded__C)
                  0000a8cc    00000004     release_pem4f.oem4f (.const:ti_sysbios_gates_GateMutex_Instance_State_sem__O)
                  0000a8d0    00000004     release_pem4f.oem4f (.const:ti_sysbios_heaps_HeapMem_E_memory__C)
                  0000a8d4    00000004     release_pem4f.oem4f (.const:ti_sysbios_heaps_HeapMem_Module__gateObj__C)
                  0000a8d8    00000004     release_pem4f.oem4f (.const:ti_sysbios_heaps_HeapMem_Object__count__C)
                  0000a8dc    00000004     release_pem4f.oem4f (.const:ti_sysbios_heaps_HeapMem_Object__table__C)
                  0000a8e0    00000004     release_pem4f.oem4f (.const:ti_sysbios_heaps_HeapMem_primaryHeapBaseAddr__C)
                  0000a8e4    00000004     release_pem4f.oem4f (.const:ti_sysbios_heaps_HeapMem_primaryHeapEndAddr__C)
                  0000a8e8    00000004     release_pem4f.oem4f (.const:ti_sysbios_heaps_HeapMem_reqAlign__C)
                  0000a8ec    00000004     release_pem4f.oem4f (.const:ti_sysbios_knl_Clock_Module_State_clockQ__O)
                  0000a8f0    00000004     release_pem4f.oem4f (.const:ti_sysbios_knl_Clock_tickPeriod__C)
                  0000a8f4    00000004     release_pem4f.oem4f (.const:ti_sysbios_knl_Mailbox_Instance_State_freeQue__O)
                  0000a8f8    00000004     release_pem4f.oem4f (.const:ti_sysbios_knl_Mailbox_Object__count__C)
                  0000a8fc    00000004     release_pem4f.oem4f (.const:ti_sysbios_knl_Mailbox_maxTypeAlign__C)
                  0000a900    00000004     release_pem4f.oem4f (.const:ti_sysbios_knl_Semaphore_Instance_State_pendQ__O)
                  0000a904    00000004     release_pem4f.oem4f (.const:ti_sysbios_knl_Swi_Object__count__C)
                  0000a908    00000004     release_pem4f.oem4f (.const:ti_sysbios_knl_Swi_Object__table__C)
                  0000a90c    00000004     release_pem4f.oem4f (.const:ti_sysbios_knl_Task_Module_State_inactiveQ__O)
                  0000a910    00000004     release_pem4f.oem4f (.const:ti_sysbios_knl_Task_Object__count__C)
                  0000a914    00000004     release_pem4f.oem4f (.const:ti_sysbios_knl_Task_Object__heap__C)
                  0000a918    00000004     release_pem4f.oem4f (.const:ti_sysbios_knl_Task_Object__table__C)
                  0000a91c    00000004     release_pem4f.oem4f (.const:ti_sysbios_knl_Task_allBlockedFunc__C)
                  0000a920    00000004     release_pem4f.oem4f (.const:ti_sysbios_knl_Task_defaultStackHeap__C)
                  0000a924    00000004     release_pem4f.oem4f (.const:ti_sysbios_knl_Task_defaultStackSize__C)
                  0000a928    00000004     release_pem4f.oem4f (.const:ti_sysbios_knl_Task_numConstructedTasks__C)
                  0000a92c    00000004     release_pem4f.oem4f (.const:xdc_runtime_Error_E_memory__C)
                  0000a930    00000004     release_pem4f.oem4f (.const:xdc_runtime_Error_policyFxn__C)
                  0000a934    00000004     release_pem4f.oem4f (.const:xdc_runtime_IGateProvider_Interface__BASE__C)
                  0000a938    00000004     release_pem4f.oem4f (.const:xdc_runtime_IHeap_Interface__BASE__C)
                  0000a93c    00000004     release_pem4f.oem4f (.const:xdc_runtime_IModule_Interface__BASE__C)
                  0000a940    00000004     release_pem4f.oem4f (.const:xdc_runtime_Memory_defaultHeapInstance__C)
                  0000a944    00000004     release_pem4f.oem4f (.const:xdc_runtime_Startup_execImpl__C)
                  0000a948    00000004     release_pem4f.oem4f (.const:xdc_runtime_Startup_maxPasses__C)
                  0000a94c    00000004     release_pem4f.oem4f (.const:xdc_runtime_Startup_sfxnRts__C)
                  0000a950    00000004     release_pem4f.oem4f (.const:xdc_runtime_Startup_sfxnTab__C)
                  0000a954    00000004     release_pem4f.oem4f (.const:xdc_runtime_Startup_startModsFxn__C)
                  0000a958    00000004     release_pem4f.oem4f (.const:xdc_runtime_SysCallback_abortFxn__C)
                  0000a95c    00000004     release_pem4f.oem4f (.const:xdc_runtime_SysCallback_exitFxn__C)
                  0000a960    00000004     release_pem4f.oem4f (.const:xdc_runtime_System_Module__gateObj__C)
                  0000a964    00000004     release_pem4f.oem4f (.const:xdc_runtime_System_abortFxn__C)
                  0000a968    00000004     release_pem4f.oem4f (.const:xdc_runtime_System_exitFxn__C)
                  0000a96c    00000004     release_pem4f.oem4f (.const:xdc_runtime_System_maxAtexitHandlers__C)
                  0000a970    00000004     release_pem4f.oem4f (.const:xdc_runtime_Text_nameUnknown__C)
                  0000a974    00000002     release_pem4f.oem4f (.const:ti_sysbios_heaps_HeapMem_Module__id__C)
                  0000a976    00000002     release_pem4f.oem4f (.const:xdc_runtime_Memory_Module__id__C)

.cinit     0    0000a978    00000270     
                  0000a978    00000236     (.cinit..data.load) [load image, compression = lzss]
                  0000abae    00000002     --HOLE-- [fill = 0]
                  0000abb0    0000000c     (__TI_handler_table)
                  0000abbc    00000004     --HOLE-- [fill = 0]
                  0000abc0    00000008     (.cinit..bss.load) [load image, compression = zero_init]
                  0000abc8    00000008     (.cinit..vtable.load) [load image, compression = zero_init]
                  0000abd0    00000018     (__TI_cinit_table)

.init_array 
*          0    00000000    00000000     UNINITIALIZED

.data      0    20000140    00000a84     UNINITIALIZED
                  20000140    000000f0     rtsv7M4_T_le_v4SPD16_eabi.lib : defs.c.obj (.data:_ftable)
                  20000230    00000088     sysbios.aem4f : BIOS.obj (.data:$O1$$)
                  200002b8    00000080     adc_f_MSP432.obj (.data:ADC_time_channel)
                  20000338    00000080     adc_f_MSP432.obj (.data:ADC_time_channel_temp)
                  200003b8    00000080     adc_f_MSP432.obj (.data:ADC_timer_activation)
                  20000438    00000080     release_pem4f.oem4f (.data:ti_sysbios_knl_Swi_Module_State_0_readyQ__A)
                  200004b8    00000080     release_pem4f.oem4f (.data:ti_sysbios_knl_Task_Module_State_0_readyQ__A)
                  20000538    00000080     adc_f_MSP432.obj (.data:time_stopped)
                  200005b8    0000007c     adc_f_MSP432.obj (.data:adc_ch)
                  20000634    00000078     rtsv7M4_T_le_v4SPD16_eabi.lib : host_device.c.obj (.data:_device)
                  200006ac    00000054     release_pem4f.oem4f (.data:ti_sysbios_gates_GateMutex_Object__table__V)
                  20000700    00000050     HVAC_IO.obj (.data)
                  20000750    00000050     rtsv7M4_T_le_v4SPD16_eabi.lib : host_device.c.obj (.data:_stream)
                  200007a0    0000004c     release_pem4f.oem4f (.data:ti_sysbios_knl_Task_Object__table__V)
                  200007ec    00000044     release_pem4f.oem4f (.data:ti_sysbios_family_arm_msp432_Timer_Object__table__V)
                  20000830    00000044     release_pem4f.oem4f (.data:ti_sysbios_knl_Task_Module__state__V)
                  20000874    00000040     adc_f_MSP432.obj (.data:running_mask)
                  200008b4    00000034     release_pem4f.oem4f (.data:ti_sysbios_family_arm_m3_Hwi_Module__state__V)
                  200008e8    00000030     release_pem4f.oem4f (.data:ti_sysbios_knl_Swi_Object__table__V)
                  20000918    0000002c     release_pem4f.oem4f (.data:ti_sysbios_knl_Clock_Module__state__V)
                  20000944    00000028     gpio_f_MSP432.obj (.data:gpio_global_irq_map)
                  2000096c    00000028     gpio_f_MSP432.obj (.data:gpio_global_pin_map)
                  20000994    00000024     release_pem4f.oem4f (.data:ti_sysbios_BIOS_Module__state__V)
                  200009b8    00000020     timer_f_msp432.obj (.data:last_state)
                  200009d8    00000020     release_pem4f.oem4f (.data:ti_sysbios_family_arm_msp432_Timer_Module_State_0_device__A)
                  200009f8    00000020     timer_f_msp432.obj (.data:time_paused_left)
                  20000a18    00000020     timer_f_msp432.obj (.data:timer_units)
                  20000a38    00000020     release_pem4f.oem4f (.data:xdc_runtime_Error_IgnoreBlock)
                  20000a58    0000001c     release_pem4f.oem4f (.data:ti_sysbios_knl_Swi_Module__state__V)
                  20000a74    00000018     adc_f_MSP432.obj (.data)
                  20000a8c    00000018     release_pem4f.oem4f (.data:ti_sysbios_family_arm_m3_Hwi_Object__table__V)
                  20000aa4    00000018     release_pem4f.oem4f (.data:ti_sysbios_heaps_HeapMem_Object__table__V)
                  20000abc    00000014     Files.obj (.data:files_active)
                  20000ad0    00000010     HVAC_IO.obj (.data:data)
                  20000ae0    00000010     Files.obj (.data:iter_name$1)
                  20000af0    00000010     rtsv7M4_T_le_v4SPD16_eabi.lib : defs.c.obj (.data)
                  20000b00    00000010     release_pem4f.oem4f (.data:ti_sysbios_family_arm_msp432_Timer_Module_State_0_handles__A)
                  20000b10    00000010     timer_f_msp432.obj (.data)
                  20000b20    0000000c     rtsv7M4_T_le_v4SPD16_eabi.lib : exit.c.obj (.data:$O1$$)
                  20000b2c    0000000c     release_pem4f.oem4f (.data:ti_sysbios_family_arm_msp432_Timer_Module__state__V)
                  20000b38    00000009     uart_f_MSP432.obj (.data)
                  20000b41    00000001     --HOLE--
                  20000b42    00000002     release_pem4f.oem4f (.data:ti_sysbios_family_arm_m3_Hwi_Module_State_0_excActive__A)
                  20000b44    00000008     rtsv7M4_T_le_v4SPD16_eabi.lib : _lock.c.obj (.data:$O1$$)
                  20000b4c    00000008     release_pem4f.oem4f (.data:ti_sysbios_gates_GateHwi_Module__root__V)
                  20000b54    00000008     release_pem4f.oem4f (.data:ti_sysbios_gates_GateMutex_Module__root__V)
                  20000b5c    00000008     release_pem4f.oem4f (.data:ti_sysbios_heaps_HeapMem_Module__root__V)
                  20000b64    00000008     release_pem4f.oem4f (.data:ti_sysbios_knl_Queue_Module__root__V)
                  20000b6c    00000008     release_pem4f.oem4f (.data:ti_sysbios_knl_Semaphore_Module__root__V)
                  20000b74    00000008     release_pem4f.oem4f (.data:ti_sysbios_knl_Task_Module__root__V)
                  20000b7c    00000008     timer_f_msp432.obj (.data:timer_activated)
                  20000b84    00000008     release_pem4f.oem4f (.data:xdc_runtime_Startup_Module__state__V)
                  20000b8c    00000008     release_pem4f.oem4f (.data:xdc_runtime_System_Module_State_0_atexitHandlers__A)
                  20000b94    00000008     release_pem4f.oem4f (.data:xdc_runtime_System_Module__state__V)
                  20000b9c    00000004     gpio_f_MSP432.obj (.data)
                  20000ba0    00000004     rtsv7M4_T_le_v4SPD16_eabi.lib : fopen.c.obj (.data)
                  20000ba4    00000004                                   : open.c.obj (.data)
                  20000ba8    00000004                                   : stkdepth_vars.c.obj (.data)
                  20000bac    00000004     release_pem4f.oem4f (.data:ti_sysbios_family_arm_m3_Hwi_Module_State_0_excContext__A)
                  20000bb0    00000004     release_pem4f.oem4f (.data:ti_sysbios_family_arm_m3_Hwi_Module_State_0_excStack__A)
                  20000bb4    00000004     release_pem4f.oem4f (.data:ti_sysbios_gates_GateHwi_Object__table__V)
                  20000bb8    00000004     release_pem4f.oem4f (.data:ti_sysbios_knl_Task_Module_State_0_idleTask__A)
                  20000bbc    00000004     release_pem4f.oem4f (.data:ti_sysbios_rts_ti_ReentSupport_Module__state__V)
                  20000bc0    00000004     release_pem4f.oem4f (.data:xdc_runtime_Memory_Module__state__V)

.vtable    0    20001000    000000e8     UNINITIALIZED
                  20001000    000000e8     int_MSP432.obj (.vtable)

.bss       0    200050e8    00000552     UNINITIALIZED
                  200050e8    00000200     release_pem4f.oem4f (.bss:taskStackSection)
                  200052e8    00000140     (.common:ti_sysbios_family_arm_m3_Hwi_dispatchTable)
                  20005428    00000120     rtsv7M4_T_le_v4SPD16_eabi.lib : trgmsg.c.obj (.bss:_CIOBUF_)
                  20005548    000000a0     (.common:__TI_tmpnams)
                  200055e8    00000040     (.common:state)
                  20005628    00000008     (.common:parmbuf)
                  20005630    00000004     (.common:i)
                  20005634    00000004     (.common:ti_sysbios_knl_Task_Instance_State_0_hookEnv__A)
                  20005638    00000002     (.common:EstadoEntradas)

.priheap   0    200010e8    00004000     UNINITIALIZED
                  200010e8    00004000     --HOLE--

.stack     0    2000fc00    00000400     UNINITIALIZED
                  2000fc00    00000400     --HOLE--

.bootVecs 
*          0    00000000    00000008     DSECT
                  00000000    00000008     boot.aem4f : boot.oem4f (.bootVecs)

.resetVecs 
*          0    00000000    0000003c     
                  00000000    0000003c     release_pem4f.oem4f (.resetVecs)

.vecs      0    20000000    00000140     NOLOAD SECTION
                  20000000    00000140     release_pem4f.oem4f (.vecs)

xdc.meta   0    00000000    00000109     COPY SECTION
                  00000000    00000109     release_pem4f.oem4f (xdc.meta)

xdc.noload 
*          0    00000000    00000000     COPY SECTION

__llvm_prf_cnts 
*          0    20000000    00000000     UNINITIALIZED

.binit     0    00000000    00000000     

MODULE SUMMARY

       Module                       code    ro data   rw data
       ------                       ----    -------   -------
    .\
       HVAC_IO.obj                  2488    112       332    
       HVAC_Thread.obj              178     0         0      
       Threads.obj                  100     0         0      
    +--+----------------------------+-------+---------+---------+
       Total:                       2766    112       332    
                                                             
    .\Aux_files\
       system_msp432p401r.obj       202     0         0      
    +--+----------------------------+-------+---------+---------+
       Total:                       202     0         0      
                                                             
    .\Drivers_obj\
       adc_f_MSP432.obj             4358    0         1448   
       gpio_f_MSP432.obj            4740    0         168    
       timer_f_msp432.obj           2656    0         240    
       uart_f_MSP432.obj            1183    84        18     
       int_MSP432.obj               732     8         464    
       Files.obj                    604     139       72     
    +--+----------------------------+-------+---------+---------+
       Total:                       14273   231       2410   
                                                             
    C:\Users\alang\Documents\Axel\7mo semestre\Arqui\U3\Lab 1.1\INT2\HVAC_un_hilo_obj\Debug\configPkg\package\cfg\
       release_pem4f.oem4f          2086    991       4308   
    +--+----------------------------+-------+---------+---------+
       Total:                       2086    991       4308   
                                                             
    C:/ti/simplelink_msp432p4_sdk_3_40_01_02/source/ti/devices/msp432p4xx/driverlib/ccs/msp432p4xx_driverlib.lib
       pcm.o                        1770    0         0      
       rtc_c.o                      44      0         0      
       wdt_a.o                      36      0         0      
       cpu.o                        4       0         0      
    +--+----------------------------+-------+---------+---------+
       Total:                       1854    0         0      
                                                             
    C:\Users\alang\Documents\Axel\7mo semestre\Arqui\U3\Lab 1.1\INT2\HVAC_un_hilo_obj\Aux_files\src\sysbios\sysbios.aem4f
       BIOS.obj                     8102    0         272    
       m3_Hwi_asm.obj               318     0         0      
       m3_TaskSupport_asm.obj       180     0         0      
       m3_Hwi_asm_switch.obj        118     0         0      
    +--+----------------------------+-------+---------+---------+
       Total:                       8718    0         272    
                                                             
    C:\ti\simplelink_msp432p4_sdk_3_40_01_02\kernel\tirtos\packages\ti\targets\arm\rtsarm\lib\auto_init.aem4f
       auto_init.oem4f              160     0         0      
    +--+----------------------------+-------+---------+---------+
       Total:                       160     0         0      
                                                             
    C:\ti\simplelink_msp432p4_sdk_3_40_01_02\kernel\tirtos\packages\ti\targets\arm\rtsarm\lib\boot.aem4f
       boot.oem4f                   88      0         0      
    +--+----------------------------+-------+---------+---------+
       Total:                       88      0         0      
                                                             
    C:\ti_v12\ccs\tools\compiler\ti-cgt-arm_20.2.6.LTS\lib\rtsv7M4_T_le_v4SPD16_eabi.lib
       _printfi.c.obj               4851    0         0      
       defs.c.obj                   0       0         832    
       trgmsg.c.obj                 108     0         576    
       fopen.c.obj                  480     0         8      
       fd_add_t2.asm.obj            438     0         0      
       host_device.c.obj            0       0         400    
       fwrite.c.obj                 384     0         0      
       fd_div_t2.asm.obj            310     0         0      
       s_scalbn.c.obj               272     0         0      
       fd_cmp_t2.asm.obj            268     0         0      
       ctype.c.obj                  0       257       0      
       fd_mul_t2.asm.obj            252     0         0      
       fread.c.obj                  248     0         0      
       setvbuf.c.obj                220     0         0      
       open.c.obj                   188     0         8      
       _io_perm.c.obj               172     0         0      
       _bufread.c.obj               156     0         0      
       memcpy_t2.asm.obj            156     0         0      
       ull_div_t2.asm.obj           150     0         0      
       memset_t2.asm.obj            122     0         0      
       fclose.c.obj                 116     0         0      
       getdevice.c.obj              116     0         0      
       hostopen.c.obj               96      0         16     
       printf.c.obj                 112     0         0      
       hostrename.c.obj             108     0         0      
       copy_decompress_lzss.c.obj   104     0         0      
       hostlseek.c.obj              104     0         0      
       exit.c.obj                   76      0         24     
       fseek.c.obj                  100     0         0      
       s_frexp.c.obj                100     0         0      
       sprintf.c.obj                98      0         0      
       close.c.obj                  92      0         0      
       hostread.c.obj               88      0         0      
       hostwrite.c.obj              88      0         0      
       _ltoa.c.obj                  84      0         0      
       atoi.c.obj                   76      0         0      
       cpy_tbl.c.obj                76      0         0      
       fflush.c.obj                 76      0         0      
       fd_toi_t2.asm.obj            72      0         0      
       hostclose.c.obj              68      0         0      
       hostunlink.c.obj             68      0         0      
       strncpy.c.obj                54      0         0      
       i_tofd_t2.asm.obj            46      0         0      
       strncmp.c.obj                44      0         0      
       unlink.c.obj                 44      0         0      
       _lock.c.obj                  26      0         16     
       lseek.c.obj                  40      0         0      
       read.c.obj                   40      0         0      
       write.c.obj                  40      0         0      
       memchr.c.obj                 32      0         0      
       strcat.c.obj                 30      0         0      
       memccpy.c.obj                28      0         0      
       s_copysign.c.obj             26      0         0      
       args_main.c.obj              24      0         0      
       strcmp.c.obj                 24      0         0      
       strchr.c.obj                 22      0         0      
       strcpy.c.obj                 20      0         0      
       strlen.c.obj                 20      0         0      
       wcslen.c.obj                 18      0         0      
       copy_decompress_none.c.obj   14      0         0      
       copy_zero_init.c.obj         12      0         0      
       rewind.c.obj                 8       0         0      
       stkdepth_vars.c.obj          0       0         8      
       div0.asm.obj                 2       0         0      
    +--+----------------------------+-------+---------+---------+
       Total:                       11307   257       1888   
                                                             
       Stack:                       0       0         2048   
       Linker Generated:            0       618       0      
    +--+----------------------------+-------+---------+---------+
       Grand Total:                 41454   2209      11258  


LINKER GENERATED COPY TABLES

__TI_cinit_table @ 0000abd0 records: 3, size/record: 8, table size: 24
	.data: load addr=0000a978, load size=00000236 bytes, run addr=20000140, run size=00000a84 bytes, compression=lzss
	.bss: load addr=0000abc0, load size=00000008 bytes, run addr=200050e8, run size=00000552 bytes, compression=zero_init
	.vtable: load addr=0000abc8, load size=00000008 bytes, run addr=20001000, run size=000000e8 bytes, compression=zero_init


LINKER GENERATED HANDLER TABLE

__TI_handler_table @ 0000abb0 records: 3, size/record: 4, table size: 12
	index: 0, handler: __TI_zero_init
	index: 1, handler: __TI_decompress_lzss
	index: 2, handler: __TI_decompress_none


GLOBAL SYMBOLS: SORTED ALPHABETICALLY BY Name 

address   name                                                            
-------   ----                                                            
00007385  ADC14_IRQHandler                                                
20000a7c  ADC_ch_actives                                                  
20000a78  ADC_global_irq_map                                              
200002b8  ADC_time_channel                                                
20000338  ADC_time_channel_temp                                           
200003b8  ADC_timer_activation                                            
0000a808  BRFX                                                            
0000a814  BRS                                                             
0000a820  BRX                                                             
00005835  C$$EXIT                                                         
00008f1b  C$$IO$$                                                         
0000428b  CPU_wfi                                                         
00003879  Desplegar_Opcion                                                
20005638  EstadoEntradas                                                  
00006191  GET_LUM1_VALUE                                                  
00006235  GET_LUM2_VALUE                                                  
000062d9  GET_LUM3_VALUE                                                  
00004000  HEAPSIZE                                                        
00008981  HOSTclose                                                       
00007715  HOSTlseek                                                       
00007c4d  HOSTopen                                                        
00008061  HOSTread                                                        
00007639  HOSTrename                                                      
000089c5  HOSTunlink                                                      
000080b9  HOSTwrite                                                       
00002721  HVAC_ActualizarSalidas                                          
0000a161  HVAC_BotonMenu                                                  
000068f5  HVAC_InicialiceADC                                              
00006985  HVAC_InicialiceIO                                               
00008a09  HVAC_InicialiceUART                                             
000084c1  HVAC_PrintState                                                 
00005d79  HVAC_Thread                                                     
00009435  INT_SWI                                                         
00005c0d  Int_clear_gpio_flags                                            
000073f9  Int_disable                                                     
0000568d  Int_enable                                                      
00007191  Int_enableInterrupt                                             
00007e31  Int_registerInterrupt                                           
20000704  LUM1_STATUS                                                     
20000710  LUM1_VALUE                                                      
20000708  LUM2_STATUS                                                     
20000714  LUM2_VALUE                                                      
2000070c  LUM3_STATUS                                                     
20000718  LUM3_VALUE                                                      
2000071c  P1_STATUS                                                       
20000720  P2_STATUS                                                       
00007dd1  PCM_getCoreVoltageLevel                                         
00008005  PCM_getPowerMode                                                
00009ec1  PCM_getPowerState                                               
00009679  PCM_gotoLPM0                                                    
00006ef9  PCM_gotoLPM3                                                    
00009fbd  PCM_gotoLPM4                                                    
00009fcd  PCM_setPowerMode                                                
00009fdd  PCM_setPowerState                                               
00008321  PCM_shutdownDevice                                              
[...]
0000a141  ti_sysbios_knl_Idle_loop__E                                     
0000a151  ti_sysbios_knl_Queue_empty__E                                   
0000a161  HVAC_BotonMenu                                                  
0000a16d  _register_lock                                                  
0000a179  _register_unlock                                                
0000a185  __TI_zero_init                                                  
0000a191  malloc                                                          
0000a1a1  pthread_self                                                    
0000a1ad  ti_sysbios_BIOS_RtsGateProxy_enter__E                           
0000a1b9  ti_sysbios_family_arm_m3_TaskSupport_getStackAlignment__E       
0000a1c9  ti_sysbios_family_arm_msp432_Timer_getMaxTicks__E               
0000a1d9  ti_sysbios_gates_GateHwi_enter__E                               
0000a1e5  ti_sysbios_heaps_HeapMem_Module_GateProxy_enter__E              
0000a1f1  ti_sysbios_heaps_HeapMem_Module_GateProxy_query__E              
0000a1fd  ti_sysbios_knl_Clock_TimerProxy_getMaxTicks__E                  
0000a209  ti_sysbios_knl_Task_delete                                      
0000a219  ti_sysbios_knl_Task_self__E                                     
0000a229  ti_sysbios_rts_ti_ReentSupport_taskRegHook__I                   
0000a239  xdc_runtime_Gate_enterSystem__E                                 
0000a249  xdc_runtime_Startup_rtsDone__E                                  
0000a255  xdc_runtime_System_Module_GateProxy_enter__E                    
0000a261  xdc_runtime_System_SupportProxy_abort__E                        
0000a26d  xdc_runtime_System_SupportProxy_exit__E                         
0000a289  pthread_attr_setstacksize                                       
0000a291  rewind                                                          
0000a299  ti_sysbios_family_arm_m3_Hwi_Module__startupDone__S             
0000a2a1  ti_sysbios_family_arm_m3_Hwi_doSwiRestore__I                    
0000a2a9  ti_sysbios_family_arm_m3_Hwi_startup__E                         
0000a2b1  ti_sysbios_family_arm_msp432_Timer_Module__startupDone__S       
0000a2b9  ti_sysbios_hal_Hwi_HwiProxy_Module__startupDone__S              
0000a2c1  ti_sysbios_hal_Hwi_HwiProxy_startup__E                          
0000a2c1  ti_sysbios_hal_Hwi_startup__E                                   
0000a2c9  ti_sysbios_hal_Hwi_HwiProxy_switchFromBootStack__E              
0000a2c9  ti_sysbios_hal_Hwi_switchFromBootStack__E                       
0000a2d1  ti_sysbios_knl_Clock_TimerProxy_Module__startupDone__S          
0000a2d9  ti_sysbios_knl_Task_SupportProxy_Module__startupDone__S         
0000a2e1  ti_sysbios_knl_Task_SupportProxy_getStackAlignment__E           
0000a2e9  ti_sysbios_rts_ti_ReentSupport_getReent__E                      
0000a2f1  xdc_runtime_Startup_reset__I                                    
0000a2f9  ti_sysbios_family_arm_m3_Hwi_doTaskRestore__I                   
0000a301  ti_sysbios_gates_GateHwi_leave__E                               
0000a309  ti_sysbios_heaps_HeapMem_isBlocking__E                          
0000a311  ti_sysbios_knl_Queue_Instance_init__E                           
0000a319  ti_sysbios_knl_Swi_startup__E                                   
0000a321  xdc_runtime_System_Module_startup__E                            
0000a329  __aeabi_errno_addr                                              
0000a331  ti_sysbios_gates_GateHwi_query__E                               
0000a339  ti_sysbios_gates_GateMutex_query__E                             
0000a341  ti_sysbios_knl_Task_startup__E                                  
0000a349  ti_sysbios_BIOS_linkedWithIncorrectBootLibrary__E               
0000a351  ti_sysbios_gates_GateHwi_Instance_init__E                       
0000a359  ti_sysbios_knl_Clock_logTick__E                                 
0000a361  xdc_runtime_SysCallback_defaultAbort                            
0000a369  xdc_runtime_SysCallback_defaultExit                             
0000a371  xdc_runtime_System_abortSpin__E                                 
0000a379  xdc_runtime_System_exitSpin__E                                  
0000a37c  _ctypes_                                                        
0000a47d  xdc_runtime_Error_policy__C                                     
0000a47e  ti_sysbios_family_arm_msp432_init_Boot_bypassHFXT__C            
0000a518  ti_sysbios_knl_Task_Object__PARAMS__C                           
0000a58a  ti_sysbios_family_arm_msp432_init_Boot_bypassLFXT__C            
0000a5e8  ti_sysbios_heaps_HeapMem_Module__FXNS__C                        
0000a610  ti_sysbios_gates_GateHwi_Module__FXNS__C                        
0000a634  ti_sysbios_gates_GateMutex_Module__FXNS__C                      
0000a658  ti_sysbios_heaps_HeapMem_Object__PARAMS__C                      
0000a67c  ti_sysbios_knl_Semaphore_Object__PARAMS__C                      
0000a6a0  xdc_runtime_Startup_sfxnTab__A                                  
0000a6c4  ti_sysbios_gates_GateHwi_Object__DESC__C                        
0000a6e4  ti_sysbios_gates_GateMutex_Object__DESC__C                      
0000a704  ti_sysbios_heaps_HeapMem_Object__DESC__C                        
0000a724  ti_sysbios_knl_Queue_Object__DESC__C                            
0000a744  ti_sysbios_knl_Semaphore_Object__DESC__C                        
0000a764  ti_sysbios_knl_Task_Object__DESC__C                             
0000a784  ti_sysbios_gates_GateHwi_Object__PARAMS__C                      
0000a79c  ti_sysbios_gates_GateMutex_Object__PARAMS__C                    
0000a7b4  ti_sysbios_knl_Queue_Object__PARAMS__C                          
0000a7cc  ti_sysbios_knl_Task_hooks__A                                    
0000a7e4  xdc_runtime_Startup_sfxnRts__A                                  
0000a7f6  ti_sysbios_family_arm_msp432_init_Boot_enableHFXT__C            
0000a808  BRFX                                                            
0000a814  BRS                                                             
0000a820  BRX                                                             
0000a82c  adc_ch_param2                                                   
0000a838  adc_ch_param3                                                   
0000a844  adc_ch_param                                                    
0000a850  xdc_runtime_Startup_firstFxns__A                                
0000a864  adc_init                                                        
0000a874  ti_sysbios_knl_Idle_funcList__A                                 
0000a87c  ti_sysbios_knl_Idle_funcList__C                                 
0000a884  ti_sysbios_knl_Task_hooks__C                                    
0000a88c  xdc_runtime_Startup_firstFxns__C                                
0000a894  xdc_runtime_Startup_lastFxns__C                                 
0000a8a2  ti_sysbios_family_arm_msp432_init_Boot_enableLFXT__C            
0000a8a4  ti_sysbios_family_arm_m3_Hwi_NUM_INTERRUPTS__C                  
0000a8a8  ti_sysbios_family_arm_m3_Hwi_Object__count__C                   
0000a8ac  ti_sysbios_family_arm_m3_Hwi_Object__table__C                   
0000a8b0  ti_sysbios_family_arm_m3_Hwi_ccr__C                             
0000a8b4  ti_sysbios_family_arm_m3_Hwi_excHandlerFunc__C                  
0000a8b8  ti_sysbios_family_arm_m3_Hwi_nullIsrFunc__C                     
0000a8bc  ti_sysbios_family_arm_m3_Hwi_priGroup__C                        
0000a8c0  ti_sysbios_family_arm_m3_TaskSupport_stackAlignment__C          
0000a8c4  ti_sysbios_family_arm_msp432_Timer_numTimerDevices__C           
0000a8c8  ti_sysbios_family_arm_msp432_Timer_startupNeeded__C             
0000a8cc  ti_sysbios_gates_GateMutex_Instance_State_sem__O                
0000a8d0  ti_sysbios_heaps_HeapMem_E_memory__C                            
0000a8d4  ti_sysbios_heaps_HeapMem_Module__gateObj__C                     
0000a8d8  ti_sysbios_heaps_HeapMem_Object__count__C                       
0000a8dc  ti_sysbios_heaps_HeapMem_Object__table__C                       
0000a8e0  ti_sysbios_heaps_HeapMem_primaryHeapBaseAddr__C                 
0000a8e4  ti_sysbios_heaps_HeapMem_primaryHeapEndAddr__C                  
0000a8e8  ti_sysbios_heaps_HeapMem_reqAlign__C                            
0000a8ec  ti_sysbios_knl_Clock_Module_State_clockQ__O                     
0000a8f0  ti_sysbios_knl_Clock_tickPeriod__C                              
0000a8f4  ti_sysbios_knl_Mailbox_Instance_State_freeQue__O                
0000a8f8  ti_sysbios_knl_Mailbox_Object__count__C                         
0000a8fc  ti_sysbios_knl_Mailbox_maxTypeAlign__C                          
0000a900  ti_sysbios_knl_Semaphore_Instance_State_pendQ__O                
0000a904  ti_sysbios_knl_Swi_Object__count__C                             
0000a908  ti_sysbios_knl_Swi_Object__table__C                             
0000a90c  ti_sysbios_knl_Task_Module_State_inactiveQ__O                   
0000a910  ti_sysbios_knl_Task_Object__count__C                            
0000a914  ti_sysbios_knl_Task_Object__heap__C                             
0000a918  ti_sysbios_knl_Task_Object__table__C                            
0000a91c  ti_sysbios_knl_Task_allBlockedFunc__C                           
0000a920  ti_sysbios_knl_Task_defaultStackHeap__C                         
0000a924  ti_sysbios_knl_Task_defaultStackSize__C                         
0000a928  ti_sysbios_knl_Task_numConstructedTasks__C                      
0000a92c  xdc_runtime_Error_E_memory__C                                   
0000a930  xdc_runtime_Error_policyFxn__C                                  
0000a934  xdc_runtime_IGateProvider_Interface__BASE__C                    
0000a938  xdc_runtime_IHeap_Interface__BASE__C                            
0000a93c  xdc_runtime_IModule_Interface__BASE__C                          
0000a940  xdc_runtime_Memory_defaultHeapInstance__C                       
0000a944  xdc_runtime_Startup_execImpl__C                                 
0000a948  xdc_runtime_Startup_maxPasses__C                                
0000a94c  xdc_runtime_Startup_sfxnRts__C                                  
0000a950  xdc_runtime_Startup_sfxnTab__C                                  
0000a954  xdc_runtime_Startup_startModsFxn__C                             
0000a958  xdc_runtime_SysCallback_abortFxn__C                             
0000a95c  xdc_runtime_SysCallback_exitFxn__C                              
0000a960  xdc_runtime_System_Module__gateObj__C                           
0000a964  xdc_runtime_System_abortFxn__C                                  
0000a968  xdc_runtime_System_exitFxn__C                                   
0000a96c  xdc_runtime_System_maxAtexitHandlers__C                         
0000a970  xdc_runtime_Text_nameUnknown__C                                 
0000a974  ti_sysbios_heaps_HeapMem_Module__id__C                          
0000a976  xdc_runtime_Memory_Module__id__C                                
0000a978  __TI_static_base__                                              
0000abb0  __TI_Handler_Table_Base                                         
0000abbc  __TI_Handler_Table_Limit                                        
0000abd0  __TI_CINIT_Base                                                 
0000abe8  __TI_CINIT_Limit                                                
20000000  __start___llvm_prf_cnts                                         
20000000  __stop___llvm_prf_cnts                                          
20000000  ti_sysbios_family_arm_m3_Hwi_ramVectors                         
20000140  _ftable                                                         
200002b8  ADC_time_channel                                                
20000338  ADC_time_channel_temp                                           
200003b8  ADC_timer_activation                                            
20000438  ti_sysbios_knl_Swi_Module_State_0_readyQ__A                     
200004b8  ti_sysbios_knl_Task_Module_State_0_readyQ__A                    
20000538  time_stopped                                                    
200005b8  adc_ch                                                          
20000634  _device                                                         
200006ac  ti_sysbios_gates_GateMutex_Object__table__V                     
20000700  event                                                           
20000701  flag_P                                                          
20000702  flag_LUM                                                        
20000704  LUM1_STATUS                                                     
20000708  LUM2_STATUS                                                     
2000070c  LUM3_STATUS                                                     
20000710  LUM1_VALUE                                                      
20000714  LUM2_VALUE                                                      
20000718  LUM3_VALUE                                                      
2000071c  P1_STATUS                                                       
20000720  P2_STATUS                                                       
20000724  cont_menu                                                       
20000728  input_port                                                      
2000072c  output_port                                                     
20000730  fd_adc                                                          
20000734  fd_ch_LUM1                                                      
20000738  fd_ch_LUM2                                                      
2000073c  fd_ch_LUM3                                                      
20000740  fd_uart                                                         
20000750  _stream                                                         
200007a0  ti_sysbios_knl_Task_Object__table__V                            
200007ec  ti_sysbios_family_arm_msp432_Timer_Object__table__V             
20000830  ti_sysbios_knl_Task_Module__state__V                            
200008b4  ti_sysbios_family_arm_m3_Hwi_Module__state__V                   
200008e8  ti_sysbios_knl_Swi_Object__table__V                             
20000918  ti_sysbios_knl_Clock_Module__state__V                           
20000944  gpio_global_irq_map                                             
2000096c  gpio_global_pin_map                                             
20000994  ti_sysbios_BIOS_Module__state__V                                
200009b8  last_state                                                      
200009d8  ti_sysbios_family_arm_msp432_Timer_Module_State_0_device__A     
200009f8  time_paused_left                                                
20000a18  timer_units                                                     
20000a38  xdc_runtime_Error_IgnoreBlock                                   
20000a58  ti_sysbios_knl_Swi_Module__state__V                             
20000a74  adc                                                             
20000a78  ADC_global_irq_map                                              
20000a7c  ADC_ch_actives                                                  
20000a80  current_addr                                                    
20000a84  microseconds                                                    
20000a8c  ti_sysbios_family_arm_m3_Hwi_Object__table__V                   
20000aa4  ti_sysbios_heaps_HeapMem_Object__table__V                       
20000abc  files_active                                                    
20000af0  __TI_ft_end                                                     
20000af4  __aeabi_stdin                                                   
20000af8  __aeabi_stdout                                                  
20000afc  __aeabi_stderr                                                  
20000b00  ti_sysbios_family_arm_msp432_Timer_Module_State_0_handles__A    
20000b10  microsecs                                                       
20000b14  timer                                                           
20000b18  bandera_stop                                                    
20000b20  __TI_cleanup_ptr                                                
20000b24  __TI_dtors_ptr                                                  
20000b28  __TI_enable_exit_profile_output                                 
20000b2c  ti_sysbios_family_arm_msp432_Timer_Module__state__V             
20000b38  uart                                                            
20000b3c  RX_interruption                                                 
20000b42  ti_sysbios_family_arm_m3_Hwi_Module_State_0_excActive__A        
20000b44  _lock                                                           
20000b48  _unlock                                                         
20000b4c  ti_sysbios_gates_GateHwi_Module__root__V                        
20000b54  ti_sysbios_gates_GateMutex_Module__root__V                      
20000b5c  ti_sysbios_heaps_HeapMem_Module__root__V                        
20000b64  ti_sysbios_knl_Queue_Module__root__V                            
20000b6c  ti_sysbios_knl_Semaphore_Module__root__V                        
20000b74  ti_sysbios_knl_Task_Module__root__V                             
20000b7c  timer_activated                                                 
20000b84  xdc_runtime_Startup_Module__state__V                            
20000b8c  xdc_runtime_System_Module_State_0_atexitHandlers__A             
20000b94  xdc_runtime_System_Module__state__V                             
20000ba8  main_func_sp                                                    
20000bac  ti_sysbios_family_arm_m3_Hwi_Module_State_0_excContext__A       
20000bb0  ti_sysbios_family_arm_m3_Hwi_Module_State_0_excStack__A         
20000bb4  ti_sysbios_gates_GateHwi_Object__table__V                       
20000bb8  ti_sysbios_knl_Task_Module_State_0_idleTask__A                  
20000bbc  ti_sysbios_rts_ti_ReentSupport_Module__state__V                 
20000bc0  xdc_runtime_Memory_Module__state__V                             
20001000  g_pfnRAMVectoring                                               
200010e8  __primary_heap_start__                                          
200050e8  __primary_heap_end__                                            
200050e8  ti_sysbios_knl_Task_Instance_State_0_stack__A                   
200052e8  ti_sysbios_family_arm_m3_Hwi_dispatchTable                      
20005428  __CIOBUF_                                                       
20005548  __TI_tmpnams                                                    
200055e8  state                                                           
20005628  parmbuf                                                         
20005630  i                                                               
20005634  ti_sysbios_knl_Task_Instance_State_0_hookEnv__A                 
20005638  EstadoEntradas                                                  
2000fc00  __stack                                                         
20010000  __STACK_END                                                     
4000480c  WDTCTL_SYM                                                      
e000e000  ti_sysbios_family_arm_m3_Hwi_nvic                               
ffffffff  __TI_pprof_out_hndl                                             
ffffffff  __TI_prof_data_size                                             
ffffffff  __TI_prof_data_start                                            
ffffffff  __binit__                                                       
ffffffff  __c_args__                                                      
ffffffff  binit                                                           
UNDEFED   SHT$$INIT_ARRAY$$Base                                           
UNDEFED   SHT$$INIT_ARRAY$$Limit                                          

[605 symbols]
